
> arc-shift@1.0.0 build
> tsc --noEmit && vite build

vite v8.2.2 building client environment for production...
transforming...
✓ 2041 modules transformed.
rendering chunks...
computing gzip size...
dist/index.html                                                     0.63 kB │ gzip:   0.49 kB
dist/assets/space-grotesk-vietnamese-700-normal-DMty7AZE.woff2      4.20 kB
dist/assets/space-grotesk-vietnamese-400-normal-B7xT_GF5.woff2      4.29 kB
dist/assets/space-grotesk-vietnamese-500-normal-BmEvtly_.woff2      4.32 kB
dist/assets/space-grotesk-vietnamese-700-normal-Duxec5Rn.woff       5.58 kB
dist/assets/space-grotesk-vietnamese-500-normal-BTqKIpxg.woff       5.71 kB
dist/assets/space-grotesk-vietnamese-400-normal-BIWiOVfw.woff       5.72 kB
dist/assets/space-grotesk-latin-ext-700-normal-BQnZhY3m.woff2      11.99 kB
dist/assets/space-grotesk-latin-ext-400-normal-CfP_5XZW.woff2      12.25 kB
dist/assets/space-grotesk-latin-ext-500-normal-DUe3BAxM.woff2      12.27 kB
dist/assets/space-grotesk-latin-700-normal-RjhwGPKo.woff2          12.84 kB
dist/assets/space-grotesk-latin-500-normal-lFbtlQH6.woff2          13.31 kB
dist/assets/space-grotesk-latin-400-normal-CJ-V5oYT.woff2          13.38 kB
dist/assets/space-grotesk-latin-700-normal-CwsQ-cCU.woff           16.41 kB
dist/assets/space-grotesk-latin-ext-700-normal-HVCqSBdx.woff       16.46 kB
dist/assets/space-grotesk-latin-ext-400-normal-DRPE3kg4.woff       16.78 kB
dist/assets/space-grotesk-latin-ext-500-normal-3dgZTiw9.woff       16.78 kB
dist/assets/space-grotesk-latin-500-normal-CNSSEhBt.woff           16.98 kB
dist/assets/space-grotesk-latin-400-normal-BnQMeOim.woff           17.00 kB
dist/assets/index-6IBUiNml.css                                    186.30 kB │ gzip:  32.69 kB
dist/assets/index-DQwtE5yH.js                                     192.22 kB │ gzip:  60.72 kB
dist/assets/page-DhOVo7dH.js                                    1,471.46 kB │ gzip: 416.34 kB

✓ built in 1.06s

